[backblue.gif]
[fade.gif]
[index.html]
[gulfhealthrecruit.com/img/favicon.png]
[gulfhealthrecruit.com/img/logo.jpg]
[gulfhealthrecruit.com/img/intro-banner-1.jpg]
[gulfhealthrecruit.com/img/intro-banner-2.png]
[gulfhealthrecruit.com/img/home-about-us.png]
[gulfhealthrecruit.com/img/why-ghr-img.jpg]
[gulfhealthrecruit.com/img/no-image-icon.png]
[gulfhealthrecruit.com/img/clients/client-1.png]
[gulfhealthrecruit.com/img/clients/client-2.png]
[gulfhealthrecruit.com/img/clients/client-3.png]
[gulfhealthrecruit.com/img/clients/client-4.png]
[gulfhealthrecruit.com/img/clients/client-5.png]
[gulfhealthrecruit.com/img/clients/client-6.png]
[gulfhealthrecruit.com/img/clients/client-7.png]
[gulfhealthrecruit.com/img/clients/client-8.png]
[gulfhealthrecruit.com/lib/jquery/jquery.min.js]
[gulfhealthrecruit.com/lib/jquery/jquery-migrate.min.js]
[gulfhealthrecruit.com/lib/bootstrap/js/bootstrap.bundle.min.js]
[gulfhealthrecruit.com/lib/easing/easing.min.js]
[gulfhealthrecruit.com/lib/mobile-nav/mobile-nav.js]
[gulfhealthrecruit.com/lib/wow/wow.min.js]
[gulfhealthrecruit.com/lib/waypoints/waypoints.min.js]
[gulfhealthrecruit.com/lib/owlcarousel/owl.carousel.min.js]
[gulfhealthrecruit.com/lib/isotope/isotope.pkgd.min.js]
[gulfhealthrecruit.com/lib/lightbox/js/lightbox.min.js]
[gulfhealthrecruit.com/js/main.js]
[gulfhealthrecruit.com/index.html]
[gulfhealthrecruit.com/lib/bootstrap/css/bootstrap.min.css]
[gulfhealthrecruit.com/lib/font-awesome/fonts/fontawesome-webfont3e6e.eot]
[gulfhealthrecruit.com/lib/font-awesome/fonts/fontawesome-webfontd41d.eot]
[gulfhealthrecruit.com/lib/font-awesome/fonts/fontawesome-webfont3e6e.woff2]
[gulfhealthrecruit.com/lib/font-awesome/fonts/fontawesome-webfont3e6e.woff]
[gulfhealthrecruit.com/lib/font-awesome/fonts/fontawesome-webfont3e6e.ttf]
[gulfhealthrecruit.com/lib/font-awesome/css/font-awesome.min.css]
[gulfhealthrecruit.com/lib/animate/animate.min.css]
[gulfhealthrecruit.com/lib/ionicons/fonts/ionicons28b5.eot]
[gulfhealthrecruit.com/lib/ionicons/fonts/ionicons28b5.ttf]
[gulfhealthrecruit.com/lib/ionicons/fonts/ionicons28b5.woff]
[gulfhealthrecruit.com/lib/ionicons/css/ionicons.min.css]
[gulfhealthrecruit.com/lib/owlcarousel/assets/owl.video.play.png]
[gulfhealthrecruit.com/lib/owlcarousel/assets/owl.carousel.min.css]
[gulfhealthrecruit.com/lib/lightbox/images/loading.gif]
[gulfhealthrecruit.com/lib/lightbox/css/lightbox.min.css]
[gulfhealthrecruit.com/css/style.css]
[gulfhealthrecruit.com/lib/font-awesome/fonts/fontawesome-webfont3e6e.svg]
[gulfhealthrecruit.com/lib/ionicons/fonts/ionicons28b5.svg]
[gulfhealthrecruit.com/img/recruitment-banner.png]
[gulfhealthrecruit.com/img/recruitment-inner-img.png]
[gulfhealthrecruit.com/recruitment.html]
[gulfhealthrecruit.com/index-2.html]
[gulfhealthrecruit.com/job-profile.html]
